[recargasec.com/index.html]
[recargasec.com/core/views/templates/recargasec/resources/img/favicon.ico]
[backblue.gif]
[fade.gif]
[index.html]
[recargasec.com/core/views/templates/recargasec/resources/img/mk_slider/recsl1.jpg]
[recargasec.com/recursos/libs/jquery/jquery-3.4.1.min.js]
[recargasec.com/recursos/libs/popper/popper.min.js]
[recargasec.com/recursos/libs/bootstrap-4.4.1-dist/js/bootstrap.min.js]
[recargasec.com/recursos/js/mk/IzDialog/IzDialog.js]
[recargasec.com/core/views/templates/recargasec/resources/img/logonavbar.png]
[recargasec.com/recarga-paypal/2/pages.html]
[recargasec.com/google-play/3/pages.html]
[recargasec.com/tarjetas-itunes-ecuador/10/pages.html]
[recargasec.com/playstation/12/pages.html]
[recargasec.com/tarjetas-xbox-ecuador/15/pages.html]
[recargasec.com/tarjetas-steam-ecuador/18/pages.html]
[recargasec.com/tarjetas-nintendo-ecuador/19/pages.html]
[recargasec.com/diamantes-free-fire-ecuador/4/pages.html]
[recargasec.com/pavos-fortnite-ecuador/9/pages.html]
[recargasec.com/robux-roblox-ecuador/17/pages.html]
[recargasec.com/riot-points-league-of-legends/14/pages.html]
[recargasec.com/unknown-cash-pubg-mobile/20/pages.html]
[recargasec.com/como-pagar/6/pages.html]
[recargasec.com/pedidos.html]
[recargasec.com/mispedidos.html]
[recargasec.com/registro.html]
[recargasec.com/milogin.html]
[recargasec.com/core/views/templates/recargasec/resources/img/mk_slider/HEADER_2021.jpg]
[recargasec.com/google-play-ecuador/3/pages.html]
[recargasec.com/core/views/templates/recargasec/resources/img/servicios/google-play-ecuador-1.jpg]
[recargasec.com/core/views/templates/recargasec/resources/img/servicios/xbox-ecuador.jpg]
[recargasec.com/core/views/templates/recargasec/resources/img/servicios/playstation-ecuador.jpg]
[recargasec.com/itunes/10/pages.html]
[recargasec.com/core/views/templates/recargasec/resources/img/servicios/itune-ecuador.jpg]
[recargasec.com/core/views/templates/recargasec/resources/img/servicios/paypal-ecuador.jpg]
[recargasec.com/diamantes-free-fire/4/pages.html]
[recargasec.com/core/views/templates/recargasec/resources/img/servicios/free-fire-ecuador.jpg]
[recargasec.com/pavos-fortnite/9/pages.html]
[recargasec.com/core/views/templates/recargasec/resources/img/servicios/pavos-fortnite-ecuador.jpg]
[recargasec.com/core/views/templates/recargasec/resources/img/servicios/robux-roblox.jpg]
[recargasec.com/core/views/templates/recargasec/resources/img/servicios/nintendo-ecuador.jpg]
[recargasec.com/core/views/templates/recargasec/resources/img/servicios/steam-ecuador.jpg]
[recargasec.com/core/views/templates/recargasec/resources/img/servicios/riot-points-ecuador.jpg]
[recargasec.com/core/views/templates/recargasec/resources/img/bgdiv.jpg]
[recargasec.com/core/views/templates/recargasec/resources/img/bancos/logo_banco_pichincha.png]
[recargasec.com/core/views/templates/recargasec/resources/img/bancos/logo_banco_guayaquil.png]
[recargasec.com/core/views/templates/recargasec/resources/img/bancos/logo_produbanco.png]
[recargasec.com/core/views/templates/recargasec/resources/img/bancos/logo_banco_del_pacifico.png]
[recargasec.com/core/views/templates/recargasec/resources/img/bancos/logo_jardin_azuayo.jpg]
[connect.facebook.net/en_US/sdk.js]
[recargasec.com/recursos/js/mk/Izanimated.js]
[recargasec.com/recursos/js/mk/MK_JS.js]
[recargasec.com/recursos/libs/gigo1.9.13/js/gijgo.min.js]
[recargasec.com/recursos/libs/gigo1.9.13/js/messages/messages.es-es.js]
[recargasec.com/index.html]
[recargasec.com/recursos/libs/bootstrap-4.4.1-dist/css/bootstrap.min.css]
[recargasec.com/recursos/css/sticky-footer.css]
[recargasec.com/recursos/css/animate.css]
[recargasec.com/recursos/libs/fontawesome-free-5.13.1-web/webfonts/fa-brands-400.eot]
[recargasec.com/recursos/libs/fontawesome-free-5.13.1-web/webfonts/fa-brands-400d41d.eot]
[recargasec.com/recursos/libs/fontawesome-free-5.13.1-web/webfonts/fa-brands-400.woff2]
[recargasec.com/recursos/libs/fontawesome-free-5.13.1-web/webfonts/fa-brands-400.woff]
[recargasec.com/recursos/libs/fontawesome-free-5.13.1-web/webfonts/fa-brands-400.ttf]
[recargasec.com/recursos/libs/fontawesome-free-5.13.1-web/webfonts/fa-regular-400.eot]
[recargasec.com/recursos/libs/fontawesome-free-5.13.1-web/webfonts/fa-regular-400d41d.eot]
[recargasec.com/recursos/libs/fontawesome-free-5.13.1-web/webfonts/fa-regular-400.woff2]
[recargasec.com/recursos/libs/fontawesome-free-5.13.1-web/webfonts/fa-regular-400.woff]
[recargasec.com/recursos/libs/fontawesome-free-5.13.1-web/webfonts/fa-regular-400.ttf]
[recargasec.com/recursos/libs/fontawesome-free-5.13.1-web/webfonts/fa-solid-900.eot]
[recargasec.com/recursos/libs/fontawesome-free-5.13.1-web/webfonts/fa-solid-900d41d.eot]
[recargasec.com/recursos/libs/fontawesome-free-5.13.1-web/webfonts/fa-solid-900.woff2]
[recargasec.com/recursos/libs/fontawesome-free-5.13.1-web/webfonts/fa-solid-900.woff]
[recargasec.com/recursos/libs/fontawesome-free-5.13.1-web/webfonts/fa-solid-900.ttf]
[recargasec.com/recursos/libs/fontawesome-free-5.13.1-web/css/all.min.css]
[recargasec.com/recursos/libs/bootstrap-4.4.1-dist/css/starter-template.css]
[recargasec.com/recursos/css/navBarDinamic.css]
[recargasec.com/recursos/libs/gigo1.9.13/fonts/gijgo-materialba15.eot]
[recargasec.com/recursos/libs/gigo1.9.13/fonts/gijgo-materialba15.ttf]
[recargasec.com/recursos/libs/gigo1.9.13/fonts/gijgo-materialba15.woff]
[recargasec.com/recursos/libs/gigo1.9.13/css/gijgo.min.css]
[recargasec.com/core/views/templates/recargasec/resources/css/mk_custom.css]
[recargasec.com/core/views/templates/recargasec/resources/img/contenidos/recargas-paypal-ecuador_.jpg]
[recargasec.com/core/views/templates/recargasec/resources/img/services/PayPal.jpg]
[recargasec.com/indexd293.html]
[recargasec.com/recarga-paypal/2/pages.html]
[recargasec.com/core/views/templates/recargasec/resources/img/contenidos/google-play-ecuador-recargas_.jpg]
[recargasec.com/core/views/templates/recargasec/resources/img/services/GiftCardS.png]
[recargasec.com/google-play/3/pages.html]
[recargasec.com/core/views/templates/recargasec/resources/img/contenidos/itunes-ecuador-recargasec.jpg]
[recargasec.com/tarjetas-itunes-ecuador/10/pages.html]
[support.apple.com/library/content/dam/edam/applecare/images/es_MX/appleid/ios13-iphone-xs-settings-apple-id-itunes-app-stores-account-settings-country-region-on-tap.jpg]
[recargasec.com/core/views/templates/recargasec/resources/img/contenidos/psn-gift-cards-debugger.jpg]
[recargasec.com/core/views/templates/recargasec/resources/img/contenidos/psn-gift-cards.png]
[recargasec.com/playstation/12/pages.html]
[recargasec.com/core/views/templates/recargasec/resources/img/contenidos/xbox-gift-cards.jpg]
[recargasec.com/core/views/templates/recargasec/resources/img/contenidos/tarjetas-xbox.jpg]
[recargasec.com/tarjetas-xbox-ecuador/15/pages.html]
[recargasec.com/core/views/templates/recargasec/resources/img/contenidos/steam-gift-cards-ecuador-recargasec.png]
[recargasec.com/tarjetas-steam-ecuador/18/pages.html]
[recargasec.com/steam/18/pages.html]
[recargasec.com/core/views/templates/recargasec/resources/img/contenidos/nintendo-gift-cards.jpg]
[recargasec.com/core/views/templates/recargasec/resources/img/contenidos/nintendo-gift-cards-ecuador.jpg]
[recargasec.com/tarjetas-nintendo-ecuador/19/recargasec.com/mispedidos]
[recargasec.com/tarjetas-nintendo-ecuador/19/pages.html]
[recargasec.com/core/views/templates/recargasec/resources/img/contenidos/diamantes-free-fire_V3.jpg]
[recargasec.com/core/views/templates/recargasec/resources/img/services/logofreefire.png]
[recargasec.com/diamantes-free-fire-ecuador/4/pages.html]
[recargasec.com/core/views/templates/recargasec/resources/img/contenidos/pavos-fortnite-ecuador-recargasec.jpg]
[www.danidroidmaster.com/wp-content/uploads/2019/02/fortnite-background-139-990x557.jpg]
[recargasec.com/pavos-fortnite-ecuador/9/pages.html]
[recargasec.com/core/views/templates/recargasec/resources/img/contenidos/roblox-gift-cards.jpg]
[recargasec.com/core/views/templates/recargasec/resources/img/contenidos/roblox-gift-cards-robux.jpg]
[recargasec.com/robux-roblox-ecuador/17/pages.html]
[recargasec.com/core/views/templates/recargasec/resources/img/contenidos/LOL-gift-cards-v3.jpg]
[codigoesports.com/wp-content/uploads/2018/10/MissFortune_0.jpg]
[recargasec.com/core/views/templates/recargasec/resources/img/contenidos/League-Of-Legends-Ecuador-RecargasEC.png]
[recargasec.com/riot-points-league-of-legends/14/pages.html]
[recargasec.com/core/views/templates/recargasec/resources/img/services/logoPUBG.png]
[recargasec.com/unknown-cash-pubg-mobile/20/core/views/templates/recargasec/resources/img/contenidos/pubg-id.png]
[recargasec.com/unknown-cash-pubg-mobile/20/pages.html]
[recargasec.com/como-pagar/6/pages.html]
[recargasec.com/index653f.html]
[recargasec.com/core/views/templates/recargasec/resources/img/preview_Facebook.jpg]
[recargasec.com/pedidos.html]
[recargasec.com/index7474.html]
[recargasec.com/mispedidos.html]
[recargasec.com/index369a.html]
[recargasec.com/registro.html]
[recargasec.com/reenvaremail.html]
[www.google.com/recaptcha/api.js]
[recargasec.com/core/views/templates/recargasec/resources/img/login_img.png]
[recargasec.com/milogin.html]
[recargasec.com/indexc4ef.html]
[recargasec.com/google-play-ecuador/3/pages.html]
[recargasec.com/itunes/10/pages.html]
[recargasec.com/diamantes-free-fire/4/pages.html]
[recargasec.com/pavos-fortnite/9/pages.html]
[connect.facebook.net/en_US/sdk.js]
[recargasec.com/mipassword.html]
[recargasec.com/recursos/libs/fontawesome-free-5.13.1-web/webfonts/fa-brands-400.svg]
[recargasec.com/recursos/libs/fontawesome-free-5.13.1-web/webfonts/fa-regular-400.svg]
[recargasec.com/recursos/libs/fontawesome-free-5.13.1-web/webfonts/fa-solid-900.svg]
[recargasec.com/recursos/libs/gigo1.9.13/fonts/gijgo-materialba15.svg]
[recargasec.com/indexd293.html]
[recargasec.com/steam/18/pages.html]
[recargasec.com/tarjetas-nintendo-ecuador/19/recargasec.com/mispedidos.html]
[recargasec.com/unknown-cash-pubg-mobile/20/core/views/templates/recargasec/resources/img/contenidos/pubg-id.html]
[recargasec.com/index653f.html]
[recargasec.com/index7474.html]
[recargasec.com/index369a.html]
[recargasec.com/reenvaremail.html]
[recargasec.com/mipassword.html]
[recargasec.com/indexcefd.html]
[recargasec.com/indexcefd.html]
